mode: set
go-ecommerce-backend-api.com/tests/bassic/main.go:5.26,7.2 1 1
go-ecommerce-backend-api.com/tests/bassic/main.go:9.27,10.12 1 1
go-ecommerce-backend-api.com/tests/bassic/main.go:10.12,12.3 1 0
go-ecommerce-backend-api.com/tests/bassic/main.go:13.2,13.16 1 1
